../Core/Src/freertos.c:119:6:MX_FREERTOS_Init	8	static
../Core/Src/freertos.c:162:6:StartDefaultTask	16	static
../Core/Src/freertos.c:213:6:vApplicationStackOverflowHook	16	static,ignoring_inline_asm
../Core/Src/freertos.c:353:14:compute_wheel_rps	32	static
../Core/Src/freertos.c:381:13:set_motor	24	static
../Core/Src/freertos.c:402:16:v_to_duty	32	static
../Core/Src/freertos.c:425:14:v_to_target_rps	32	static
../Core/Src/freertos.c:455:14:wheel_pid_step	56	static
../Core/Src/freertos.c:531:13:wheel_init	40	static
../Core/Src/freertos.c:578:13:wheel_step	72	static
../Core/Src/freertos.c:613:13:wheel_stop	48	static
../Core/Src/freertos.c:651:13:mpu6050_init	40	static
../Core/Src/freertos.c:688:13:mpu6050_read	64	static
../Core/Src/freertos.c:733:6:cmd_vel_callback	48	static
../Core/Src/freertos.c:796:6:StartMicroROSTask	728	static
