-- The C compiler identification is GNU 13.3.0
-- The CXX compiler identification is GNU 13.3.0
-- Detecting C compiler ABI info
-- Detecting C compiler ABI info - done
-- Check for working C compiler: /usr/bin/cc - skipped
-- Detecting C compile features
-- Detecting C compile features - done
-- Detecting CXX compiler ABI info
-- Detecting CXX compiler ABI info - done
-- Check for working CXX compiler: /usr/bin/c++ - skipped
-- Detecting CXX compile features
-- Detecting CXX compile features - done
-- Found ament_cmake: 2.5.6 (/opt/ros/jazzy/share/ament_cmake/cmake)
-- Found Python3: /usr/bin/python3 (found version "3.12.3") found components: Interpreter 
-- Found rclcpp: 28.1.21 (/opt/ros/jazzy/share/rclcpp/cmake)
-- Found rosidl_generator_c: 4.6.9 (/opt/ros/jazzy/share/rosidl_generator_c/cmake)
-- Found rosidl_generator_cpp: 4.6.9 (/opt/ros/jazzy/share/rosidl_generator_cpp/cmake)
-- Using all available rosidl_typesupport_c: rosidl_typesupport_fastrtps_c;rosidl_typesupport_introspection_c
-- Using all available rosidl_typesupport_cpp: rosidl_typesupport_fastrtps_cpp;rosidl_typesupport_introspection_cpp
-- Found rmw_implementation_cmake: 7.3.3 (/opt/ros/jazzy/share/rmw_implementation_cmake/cmake)
-- Found rmw_fastrtps_cpp: 8.4.4 (/opt/ros/jazzy/share/rmw_fastrtps_cpp/cmake)
-- Found OpenSSL: /usr/lib/x86_64-linux-gnu/libcrypto.so (found version "3.0.13")  
-- Found FastRTPS: /opt/ros/jazzy/include (Required is at least version "2.13") 
-- Using RMW implementation 'rmw_fastrtps_cpp' as default
-- Found rclcpp_action: 28.1.21 (/opt/ros/jazzy/share/rclcpp_action/cmake)
-- Found std_msgs: 5.3.8 (/opt/ros/jazzy/share/std_msgs/cmake)
-- Found nav2_msgs: 1.3.12 (/opt/ros/jazzy/share/nav2_msgs/cmake)
-- Found SQLite3: /usr/include (found version "3.45.1") 
-- Found ament_lint_auto: 0.17.5 (/opt/ros/jazzy/share/ament_lint_auto/cmake)
-- Added test 'copyright' to check source files copyright and LICENSE
-- Added test 'cppcheck' to perform static code analysis on C / C++ code
-- Configured cppcheck include dirs: /home/ubuntu/webfolder/AMR_project/Webserver/hyunbeen/src/guiderobot_server/include
-- Configured cppcheck exclude dirs and/or files: 
-- Added test 'cpplint' to check C / C++ code against the Google style
-- Configured cpplint exclude dirs and/or files: 
-- Added test 'flake8' to check Python code syntax and style conventions
-- Configured 'flake8' exclude dirs and/or files: 
-- Added test 'lint_cmake' to check CMake code style
-- Added test 'pep257' to check Python code against some of the docstring style conventions in PEP 257
-- Added test 'uncrustify' to check C / C++ code style
-- Configured uncrustify additional arguments: 
-- Added test 'xmllint' to check XML markup files
-- Configuring done (4.0s)
-- Generating done (0.0s)
-- Build files have been written to: /home/ubuntu/webfolder/AMR_project/Webserver/hyunbeen/build/guiderobot_server
[ 50%] [32mBuilding CXX object CMakeFiles/guiderobot_server_node.dir/src/main.cpp.o[0m
[100%] [32m[1mLinking CXX executable guiderobot_server_node[0m
[100%] Built target guiderobot_server_node
-- Install configuration: ""
-- Installing: /home/ubuntu/webfolder/AMR_project/Webserver/hyunbeen/install/guiderobot_server/lib/guiderobot_server/guiderobot_server_node
-- Set non-toolchain portion of runtime path of "/home/ubuntu/webfolder/AMR_project/Webserver/hyunbeen/install/guiderobot_server/lib/guiderobot_server/guiderobot_server_node" to ""
-- Installing: /home/ubuntu/webfolder/AMR_project/Webserver/hyunbeen/install/guiderobot_server/share/guiderobot_server/config
-- Installing: /home/ubuntu/webfolder/AMR_project/Webserver/hyunbeen/install/guiderobot_server/share/guiderobot_server/config/destinations.yaml
-- Installing: /home/ubuntu/webfolder/AMR_project/Webserver/hyunbeen/install/guiderobot_server/share/guiderobot_server/launch
-- Installing: /home/ubuntu/webfolder/AMR_project/Webserver/hyunbeen/install/guiderobot_server/share/guiderobot_server/launch/server.launch.py
-- Installing: /home/ubuntu/webfolder/AMR_project/Webserver/hyunbeen/install/guiderobot_server/share/guiderobot_server/web
-- Installing: /home/ubuntu/webfolder/AMR_project/Webserver/hyunbeen/install/guiderobot_server/share/guiderobot_server/web/robot-mark.svg
-- Installing: /home/ubuntu/webfolder/AMR_project/Webserver/hyunbeen/install/guiderobot_server/share/guiderobot_server/web/app.js
-- Installing: /home/ubuntu/webfolder/AMR_project/Webserver/hyunbeen/install/guiderobot_server/share/guiderobot_server/web/app.css
-- Installing: /home/ubuntu/webfolder/AMR_project/Webserver/hyunbeen/install/guiderobot_server/share/guiderobot_server/web/index.html
-- Installing: /home/ubuntu/webfolder/AMR_project/Webserver/hyunbeen/install/guiderobot_server/share/guiderobot_server/web/README.md
-- Installing: /home/ubuntu/webfolder/AMR_project/Webserver/hyunbeen/install/guiderobot_server/share/ament_index/resource_index/package_run_dependencies/guiderobot_server
-- Installing: /home/ubuntu/webfolder/AMR_project/Webserver/hyunbeen/install/guiderobot_server/share/ament_index/resource_index/parent_prefix_path/guiderobot_server
-- Installing: /home/ubuntu/webfolder/AMR_project/Webserver/hyunbeen/install/guiderobot_server/share/guiderobot_server/environment/ament_prefix_path.sh
-- Installing: /home/ubuntu/webfolder/AMR_project/Webserver/hyunbeen/install/guiderobot_server/share/guiderobot_server/environment/ament_prefix_path.dsv
-- Installing: /home/ubuntu/webfolder/AMR_project/Webserver/hyunbeen/install/guiderobot_server/share/guiderobot_server/environment/path.sh
-- Installing: /home/ubuntu/webfolder/AMR_project/Webserver/hyunbeen/install/guiderobot_server/share/guiderobot_server/environment/path.dsv
-- Installing: /home/ubuntu/webfolder/AMR_project/Webserver/hyunbeen/install/guiderobot_server/share/guiderobot_server/local_setup.bash
-- Installing: /home/ubuntu/webfolder/AMR_project/Webserver/hyunbeen/install/guiderobot_server/share/guiderobot_server/local_setup.sh
-- Installing: /home/ubuntu/webfolder/AMR_project/Webserver/hyunbeen/install/guiderobot_server/share/guiderobot_server/local_setup.zsh
-- Installing: /home/ubuntu/webfolder/AMR_project/Webserver/hyunbeen/install/guiderobot_server/share/guiderobot_server/local_setup.dsv
-- Installing: /home/ubuntu/webfolder/AMR_project/Webserver/hyunbeen/install/guiderobot_server/share/guiderobot_server/package.dsv
-- Installing: /home/ubuntu/webfolder/AMR_project/Webserver/hyunbeen/install/guiderobot_server/share/ament_index/resource_index/packages/guiderobot_server
-- Installing: /home/ubuntu/webfolder/AMR_project/Webserver/hyunbeen/install/guiderobot_server/share/guiderobot_server/cmake/guiderobot_serverConfig.cmake
-- Installing: /home/ubuntu/webfolder/AMR_project/Webserver/hyunbeen/install/guiderobot_server/share/guiderobot_server/cmake/guiderobot_serverConfig-version.cmake
-- Installing: /home/ubuntu/webfolder/AMR_project/Webserver/hyunbeen/install/guiderobot_server/share/guiderobot_server/package.xml
