[0.014s] Invoking command in '/home/ubuntu/webfolder/AMR_project/Webserver/hyunbeen/build/guiderobot_server': CMAKE_PREFIX_PATH=${CMAKE_PREFIX_PATH}:/home/ubuntu/slam_project/ros2_ws/install/my_pkg:/home/ubuntu/slam_project/ros2_ws/install/map2gazebo:/opt/ros/jazzy DEBUGINFOD_URLS=https://debuginfod.ubuntu.com /usr/bin/cmake /home/ubuntu/webfolder/AMR_project/Webserver/hyunbeen/src/guiderobot_server -DCMAKE_INSTALL_PREFIX=/home/ubuntu/webfolder/AMR_project/Webserver/hyunbeen/install/guiderobot_server
[0.086s] -- The C compiler identification is GNU 13.3.0
[0.166s] -- The CXX compiler identification is GNU 13.3.0
[0.186s] -- Detecting C compiler ABI info
[0.300s] -- Detecting C compiler ABI info - done
[0.307s] -- Check for working C compiler: /usr/bin/cc - skipped
[0.307s] -- Detecting C compile features
[0.307s] -- Detecting C compile features - done
[0.318s] -- Detecting CXX compiler ABI info
[0.443s] -- Detecting CXX compiler ABI info - done
[0.451s] -- Check for working CXX compiler: /usr/bin/c++ - skipped
[0.451s] -- Detecting CXX compile features
[0.451s] -- Detecting CXX compile features - done
[0.459s] -- Found ament_cmake: 2.5.6 (/opt/ros/jazzy/share/ament_cmake/cmake)
[0.628s] -- Found Python3: /usr/bin/python3 (found version "3.12.3") found components: Interpreter 
[0.774s] -- Found rclcpp: 28.1.21 (/opt/ros/jazzy/share/rclcpp/cmake)
[0.834s] -- Found rosidl_generator_c: 4.6.9 (/opt/ros/jazzy/share/rosidl_generator_c/cmake)
[0.855s] -- Found rosidl_generator_cpp: 4.6.9 (/opt/ros/jazzy/share/rosidl_generator_cpp/cmake)
[0.876s] -- Using all available rosidl_typesupport_c: rosidl_typesupport_fastrtps_c;rosidl_typesupport_introspection_c
[0.899s] -- Using all available rosidl_typesupport_cpp: rosidl_typesupport_fastrtps_cpp;rosidl_typesupport_introspection_cpp
[0.987s] -- Found rmw_implementation_cmake: 7.3.3 (/opt/ros/jazzy/share/rmw_implementation_cmake/cmake)
[0.992s] -- Found rmw_fastrtps_cpp: 8.4.4 (/opt/ros/jazzy/share/rmw_fastrtps_cpp/cmake)
[1.114s] -- Found OpenSSL: /usr/lib/x86_64-linux-gnu/libcrypto.so (found version "3.0.13")  
[1.135s] -- Found FastRTPS: /opt/ros/jazzy/include (Required is at least version "2.13") 
[1.164s] -- Using RMW implementation 'rmw_fastrtps_cpp' as default
[1.253s] -- Found rclcpp_action: 28.1.21 (/opt/ros/jazzy/share/rclcpp_action/cmake)
[1.299s] -- Found std_msgs: 5.3.8 (/opt/ros/jazzy/share/std_msgs/cmake)
[1.314s] -- Found nav2_msgs: 1.3.12 (/opt/ros/jazzy/share/nav2_msgs/cmake)
[1.435s] -- Found SQLite3: /usr/include (found version "3.45.1") 
[3.944s] -- Found ament_lint_auto: 0.17.5 (/opt/ros/jazzy/share/ament_lint_auto/cmake)
[4.070s] -- Added test 'copyright' to check source files copyright and LICENSE
[4.071s] -- Added test 'cppcheck' to perform static code analysis on C / C++ code
[4.072s] -- Configured cppcheck include dirs: /home/ubuntu/webfolder/AMR_project/Webserver/hyunbeen/src/guiderobot_server/include
[4.072s] -- Configured cppcheck exclude dirs and/or files: 
[4.074s] -- Added test 'cpplint' to check C / C++ code against the Google style
[4.074s] -- Configured cpplint exclude dirs and/or files: 
[4.074s] -- Added test 'flake8' to check Python code syntax and style conventions
[4.075s] -- Configured 'flake8' exclude dirs and/or files: 
[4.075s] -- Added test 'lint_cmake' to check CMake code style
[4.076s] -- Added test 'pep257' to check Python code against some of the docstring style conventions in PEP 257
[4.077s] -- Added test 'uncrustify' to check C / C++ code style
[4.077s] -- Configured uncrustify additional arguments: 
[4.078s] -- Added test 'xmllint' to check XML markup files
[4.080s] -- Configuring done (4.0s)
[4.093s] -- Generating done (0.0s)
[4.096s] -- Build files have been written to: /home/ubuntu/webfolder/AMR_project/Webserver/hyunbeen/build/guiderobot_server
[4.109s] Invoked command in '/home/ubuntu/webfolder/AMR_project/Webserver/hyunbeen/build/guiderobot_server' returned '0': CMAKE_PREFIX_PATH=${CMAKE_PREFIX_PATH}:/home/ubuntu/slam_project/ros2_ws/install/my_pkg:/home/ubuntu/slam_project/ros2_ws/install/map2gazebo:/opt/ros/jazzy DEBUGINFOD_URLS=https://debuginfod.ubuntu.com /usr/bin/cmake /home/ubuntu/webfolder/AMR_project/Webserver/hyunbeen/src/guiderobot_server -DCMAKE_INSTALL_PREFIX=/home/ubuntu/webfolder/AMR_project/Webserver/hyunbeen/install/guiderobot_server
[4.110s] Invoking command in '/home/ubuntu/webfolder/AMR_project/Webserver/hyunbeen/build/guiderobot_server': CMAKE_PREFIX_PATH=${CMAKE_PREFIX_PATH}:/home/ubuntu/slam_project/ros2_ws/install/my_pkg:/home/ubuntu/slam_project/ros2_ws/install/map2gazebo:/opt/ros/jazzy DEBUGINFOD_URLS=https://debuginfod.ubuntu.com /usr/bin/cmake --build /home/ubuntu/webfolder/AMR_project/Webserver/hyunbeen/build/guiderobot_server -- -j8 -l8
[4.180s] [ 50%] [32mBuilding CXX object CMakeFiles/guiderobot_server_node.dir/src/main.cpp.o[0m
[15.942s] [100%] [32m[1mLinking CXX executable guiderobot_server_node[0m
[16.463s] [100%] Built target guiderobot_server_node
[16.475s] Invoked command in '/home/ubuntu/webfolder/AMR_project/Webserver/hyunbeen/build/guiderobot_server' returned '0': CMAKE_PREFIX_PATH=${CMAKE_PREFIX_PATH}:/home/ubuntu/slam_project/ros2_ws/install/my_pkg:/home/ubuntu/slam_project/ros2_ws/install/map2gazebo:/opt/ros/jazzy DEBUGINFOD_URLS=https://debuginfod.ubuntu.com /usr/bin/cmake --build /home/ubuntu/webfolder/AMR_project/Webserver/hyunbeen/build/guiderobot_server -- -j8 -l8
[16.485s] Invoking command in '/home/ubuntu/webfolder/AMR_project/Webserver/hyunbeen/build/guiderobot_server': CMAKE_PREFIX_PATH=${CMAKE_PREFIX_PATH}:/home/ubuntu/slam_project/ros2_ws/install/my_pkg:/home/ubuntu/slam_project/ros2_ws/install/map2gazebo:/opt/ros/jazzy DEBUGINFOD_URLS=https://debuginfod.ubuntu.com /usr/bin/cmake --install /home/ubuntu/webfolder/AMR_project/Webserver/hyunbeen/build/guiderobot_server
[16.494s] -- Install configuration: ""
[16.494s] -- Installing: /home/ubuntu/webfolder/AMR_project/Webserver/hyunbeen/install/guiderobot_server/lib/guiderobot_server/guiderobot_server_node
[16.502s] -- Set non-toolchain portion of runtime path of "/home/ubuntu/webfolder/AMR_project/Webserver/hyunbeen/install/guiderobot_server/lib/guiderobot_server/guiderobot_server_node" to ""
[16.502s] -- Installing: /home/ubuntu/webfolder/AMR_project/Webserver/hyunbeen/install/guiderobot_server/share/guiderobot_server/config
[16.502s] -- Installing: /home/ubuntu/webfolder/AMR_project/Webserver/hyunbeen/install/guiderobot_server/share/guiderobot_server/config/destinations.yaml
[16.504s] -- Installing: /home/ubuntu/webfolder/AMR_project/Webserver/hyunbeen/install/guiderobot_server/share/guiderobot_server/launch
[16.504s] -- Installing: /home/ubuntu/webfolder/AMR_project/Webserver/hyunbeen/install/guiderobot_server/share/guiderobot_server/launch/server.launch.py
[16.504s] -- Installing: /home/ubuntu/webfolder/AMR_project/Webserver/hyunbeen/install/guiderobot_server/share/guiderobot_server/web
[16.505s] -- Installing: /home/ubuntu/webfolder/AMR_project/Webserver/hyunbeen/install/guiderobot_server/share/guiderobot_server/web/robot-mark.svg
[16.506s] -- Installing: /home/ubuntu/webfolder/AMR_project/Webserver/hyunbeen/install/guiderobot_server/share/guiderobot_server/web/app.js
[16.506s] -- Installing: /home/ubuntu/webfolder/AMR_project/Webserver/hyunbeen/install/guiderobot_server/share/guiderobot_server/web/app.css
[16.506s] -- Installing: /home/ubuntu/webfolder/AMR_project/Webserver/hyunbeen/install/guiderobot_server/share/guiderobot_server/web/index.html
[16.506s] -- Installing: /home/ubuntu/webfolder/AMR_project/Webserver/hyunbeen/install/guiderobot_server/share/guiderobot_server/web/README.md
[16.506s] -- Installing: /home/ubuntu/webfolder/AMR_project/Webserver/hyunbeen/install/guiderobot_server/share/ament_index/resource_index/package_run_dependencies/guiderobot_server
[16.506s] -- Installing: /home/ubuntu/webfolder/AMR_project/Webserver/hyunbeen/install/guiderobot_server/share/ament_index/resource_index/parent_prefix_path/guiderobot_server
[16.506s] -- Installing: /home/ubuntu/webfolder/AMR_project/Webserver/hyunbeen/install/guiderobot_server/share/guiderobot_server/environment/ament_prefix_path.sh
[16.506s] -- Installing: /home/ubuntu/webfolder/AMR_project/Webserver/hyunbeen/install/guiderobot_server/share/guiderobot_server/environment/ament_prefix_path.dsv
[16.507s] -- Installing: /home/ubuntu/webfolder/AMR_project/Webserver/hyunbeen/install/guiderobot_server/share/guiderobot_server/environment/path.sh
[16.508s] -- Installing: /home/ubuntu/webfolder/AMR_project/Webserver/hyunbeen/install/guiderobot_server/share/guiderobot_server/environment/path.dsv
[16.508s] -- Installing: /home/ubuntu/webfolder/AMR_project/Webserver/hyunbeen/install/guiderobot_server/share/guiderobot_server/local_setup.bash
[16.508s] -- Installing: /home/ubuntu/webfolder/AMR_project/Webserver/hyunbeen/install/guiderobot_server/share/guiderobot_server/local_setup.sh
[16.508s] -- Installing: /home/ubuntu/webfolder/AMR_project/Webserver/hyunbeen/install/guiderobot_server/share/guiderobot_server/local_setup.zsh
[16.508s] -- Installing: /home/ubuntu/webfolder/AMR_project/Webserver/hyunbeen/install/guiderobot_server/share/guiderobot_server/local_setup.dsv
[16.508s] -- Installing: /home/ubuntu/webfolder/AMR_project/Webserver/hyunbeen/install/guiderobot_server/share/guiderobot_server/package.dsv
[16.508s] -- Installing: /home/ubuntu/webfolder/AMR_project/Webserver/hyunbeen/install/guiderobot_server/share/ament_index/resource_index/packages/guiderobot_server
[16.509s] -- Installing: /home/ubuntu/webfolder/AMR_project/Webserver/hyunbeen/install/guiderobot_server/share/guiderobot_server/cmake/guiderobot_serverConfig.cmake
[16.509s] -- Installing: /home/ubuntu/webfolder/AMR_project/Webserver/hyunbeen/install/guiderobot_server/share/guiderobot_server/cmake/guiderobot_serverConfig-version.cmake
[16.509s] -- Installing: /home/ubuntu/webfolder/AMR_project/Webserver/hyunbeen/install/guiderobot_server/share/guiderobot_server/package.xml
[16.510s] Invoked command in '/home/ubuntu/webfolder/AMR_project/Webserver/hyunbeen/build/guiderobot_server' returned '0': CMAKE_PREFIX_PATH=${CMAKE_PREFIX_PATH}:/home/ubuntu/slam_project/ros2_ws/install/my_pkg:/home/ubuntu/slam_project/ros2_ws/install/map2gazebo:/opt/ros/jazzy DEBUGINFOD_URLS=https://debuginfod.ubuntu.com /usr/bin/cmake --install /home/ubuntu/webfolder/AMR_project/Webserver/hyunbeen/build/guiderobot_server
