[0.016s] Invoking command in '/home/ubuntu/webfolder/AMR_project/Webserver/hyunbeen/build/guiderobot_server': CMAKE_PREFIX_PATH=${CMAKE_PREFIX_PATH}:/home/ubuntu/slam_project/ros2_ws/install/my_pkg:/home/ubuntu/slam_project/ros2_ws/install/map2gazebo:/opt/ros/jazzy DEBUGINFOD_URLS=https://debuginfod.ubuntu.com /usr/bin/cmake --build /home/ubuntu/webfolder/AMR_project/Webserver/hyunbeen/build/guiderobot_server -- -j8 -l8
[0.089s] [100%] Built target guiderobot_server_node
[0.101s] Invoked command in '/home/ubuntu/webfolder/AMR_project/Webserver/hyunbeen/build/guiderobot_server' returned '0': CMAKE_PREFIX_PATH=${CMAKE_PREFIX_PATH}:/home/ubuntu/slam_project/ros2_ws/install/my_pkg:/home/ubuntu/slam_project/ros2_ws/install/map2gazebo:/opt/ros/jazzy DEBUGINFOD_URLS=https://debuginfod.ubuntu.com /usr/bin/cmake --build /home/ubuntu/webfolder/AMR_project/Webserver/hyunbeen/build/guiderobot_server -- -j8 -l8
[0.116s] Invoking command in '/home/ubuntu/webfolder/AMR_project/Webserver/hyunbeen/build/guiderobot_server': CMAKE_PREFIX_PATH=${CMAKE_PREFIX_PATH}:/home/ubuntu/slam_project/ros2_ws/install/my_pkg:/home/ubuntu/slam_project/ros2_ws/install/map2gazebo:/opt/ros/jazzy DEBUGINFOD_URLS=https://debuginfod.ubuntu.com /usr/bin/cmake --install /home/ubuntu/webfolder/AMR_project/Webserver/hyunbeen/build/guiderobot_server
[0.130s] -- Install configuration: ""
[0.130s] -- Up-to-date: /home/ubuntu/webfolder/AMR_project/Webserver/hyunbeen/install/guiderobot_server/include/httplib.h
[0.130s] -- Up-to-date: /home/ubuntu/webfolder/AMR_project/Webserver/hyunbeen/install/guiderobot_server/lib/cmake/httplib/httplibConfig.cmake
[0.130s] -- Up-to-date: /home/ubuntu/webfolder/AMR_project/Webserver/hyunbeen/install/guiderobot_server/lib/cmake/httplib/httplibConfigVersion.cmake
[0.130s] -- Up-to-date: /home/ubuntu/webfolder/AMR_project/Webserver/hyunbeen/install/guiderobot_server/lib/cmake/httplib/FindBrotli.cmake
[0.130s] -- Up-to-date: /home/ubuntu/webfolder/AMR_project/Webserver/hyunbeen/install/guiderobot_server/lib/cmake/httplib/httplibTargets.cmake
[0.130s] -- Up-to-date: /home/ubuntu/webfolder/AMR_project/Webserver/hyunbeen/install/guiderobot_server/share/doc/httplib/README.md
[0.131s] -- Up-to-date: /home/ubuntu/webfolder/AMR_project/Webserver/hyunbeen/install/guiderobot_server/share/licenses/httplib/LICENSE
[0.131s] -- Up-to-date: /home/ubuntu/webfolder/AMR_project/Webserver/hyunbeen/install/guiderobot_server/lib/guiderobot_server/guiderobot_server_node
[0.131s] -- Up-to-date: /home/ubuntu/webfolder/AMR_project/Webserver/hyunbeen/install/guiderobot_server/share/guiderobot_server/config
[0.131s] -- Up-to-date: /home/ubuntu/webfolder/AMR_project/Webserver/hyunbeen/install/guiderobot_server/share/guiderobot_server/config/destinations.yaml
[0.131s] -- Up-to-date: /home/ubuntu/webfolder/AMR_project/Webserver/hyunbeen/install/guiderobot_server/share/guiderobot_server/launch
[0.131s] -- Up-to-date: /home/ubuntu/webfolder/AMR_project/Webserver/hyunbeen/install/guiderobot_server/share/guiderobot_server/launch/server.launch.py
[0.131s] -- Up-to-date: /home/ubuntu/webfolder/AMR_project/Webserver/hyunbeen/install/guiderobot_server/share/ament_index/resource_index/package_run_dependencies/guiderobot_server
[0.131s] -- Up-to-date: /home/ubuntu/webfolder/AMR_project/Webserver/hyunbeen/install/guiderobot_server/share/ament_index/resource_index/parent_prefix_path/guiderobot_server
[0.131s] -- Up-to-date: /home/ubuntu/webfolder/AMR_project/Webserver/hyunbeen/install/guiderobot_server/share/guiderobot_server/environment/ament_prefix_path.sh
[0.131s] -- Up-to-date: /home/ubuntu/webfolder/AMR_project/Webserver/hyunbeen/install/guiderobot_server/share/guiderobot_server/environment/ament_prefix_path.dsv
[0.131s] -- Up-to-date: /home/ubuntu/webfolder/AMR_project/Webserver/hyunbeen/install/guiderobot_server/share/guiderobot_server/environment/path.sh
[0.131s] -- Up-to-date: /home/ubuntu/webfolder/AMR_project/Webserver/hyunbeen/install/guiderobot_server/share/guiderobot_server/environment/path.dsv
[0.131s] -- Up-to-date: /home/ubuntu/webfolder/AMR_project/Webserver/hyunbeen/install/guiderobot_server/share/guiderobot_server/local_setup.bash
[0.131s] -- Up-to-date: /home/ubuntu/webfolder/AMR_project/Webserver/hyunbeen/install/guiderobot_server/share/guiderobot_server/local_setup.sh
[0.131s] -- Up-to-date: /home/ubuntu/webfolder/AMR_project/Webserver/hyunbeen/install/guiderobot_server/share/guiderobot_server/local_setup.zsh
[0.131s] -- Up-to-date: /home/ubuntu/webfolder/AMR_project/Webserver/hyunbeen/install/guiderobot_server/share/guiderobot_server/local_setup.dsv
[0.131s] -- Installing: /home/ubuntu/webfolder/AMR_project/Webserver/hyunbeen/install/guiderobot_server/share/guiderobot_server/package.dsv
[0.131s] -- Up-to-date: /home/ubuntu/webfolder/AMR_project/Webserver/hyunbeen/install/guiderobot_server/share/ament_index/resource_index/packages/guiderobot_server
[0.131s] -- Up-to-date: /home/ubuntu/webfolder/AMR_project/Webserver/hyunbeen/install/guiderobot_server/share/guiderobot_server/cmake/guiderobot_serverConfig.cmake
[0.131s] -- Up-to-date: /home/ubuntu/webfolder/AMR_project/Webserver/hyunbeen/install/guiderobot_server/share/guiderobot_server/cmake/guiderobot_serverConfig-version.cmake
[0.131s] -- Up-to-date: /home/ubuntu/webfolder/AMR_project/Webserver/hyunbeen/install/guiderobot_server/share/guiderobot_server/package.xml
[0.133s] Invoked command in '/home/ubuntu/webfolder/AMR_project/Webserver/hyunbeen/build/guiderobot_server' returned '0': CMAKE_PREFIX_PATH=${CMAKE_PREFIX_PATH}:/home/ubuntu/slam_project/ros2_ws/install/my_pkg:/home/ubuntu/slam_project/ros2_ws/install/map2gazebo:/opt/ros/jazzy DEBUGINFOD_URLS=https://debuginfod.ubuntu.com /usr/bin/cmake --install /home/ubuntu/webfolder/AMR_project/Webserver/hyunbeen/build/guiderobot_server
