[100%] Built target guiderobot_server_node
-- Install configuration: ""
-- Up-to-date: /home/ubuntu/webfolder/AMR_project/Webserver/hyunbeen/install/guiderobot_server/include/httplib.h
-- Up-to-date: /home/ubuntu/webfolder/AMR_project/Webserver/hyunbeen/install/guiderobot_server/lib/cmake/httplib/httplibConfig.cmake
-- Up-to-date: /home/ubuntu/webfolder/AMR_project/Webserver/hyunbeen/install/guiderobot_server/lib/cmake/httplib/httplibConfigVersion.cmake
-- Up-to-date: /home/ubuntu/webfolder/AMR_project/Webserver/hyunbeen/install/guiderobot_server/lib/cmake/httplib/FindBrotli.cmake
-- Up-to-date: /home/ubuntu/webfolder/AMR_project/Webserver/hyunbeen/install/guiderobot_server/lib/cmake/httplib/httplibTargets.cmake
-- Up-to-date: /home/ubuntu/webfolder/AMR_project/Webserver/hyunbeen/install/guiderobot_server/share/doc/httplib/README.md
-- Up-to-date: /home/ubuntu/webfolder/AMR_project/Webserver/hyunbeen/install/guiderobot_server/share/licenses/httplib/LICENSE
-- Up-to-date: /home/ubuntu/webfolder/AMR_project/Webserver/hyunbeen/install/guiderobot_server/lib/guiderobot_server/guiderobot_server_node
-- Up-to-date: /home/ubuntu/webfolder/AMR_project/Webserver/hyunbeen/install/guiderobot_server/share/guiderobot_server/config
-- Up-to-date: /home/ubuntu/webfolder/AMR_project/Webserver/hyunbeen/install/guiderobot_server/share/guiderobot_server/config/destinations.yaml
-- Up-to-date: /home/ubuntu/webfolder/AMR_project/Webserver/hyunbeen/install/guiderobot_server/share/guiderobot_server/launch
-- Up-to-date: /home/ubuntu/webfolder/AMR_project/Webserver/hyunbeen/install/guiderobot_server/share/guiderobot_server/launch/server.launch.py
-- Up-to-date: /home/ubuntu/webfolder/AMR_project/Webserver/hyunbeen/install/guiderobot_server/share/ament_index/resource_index/package_run_dependencies/guiderobot_server
-- Up-to-date: /home/ubuntu/webfolder/AMR_project/Webserver/hyunbeen/install/guiderobot_server/share/ament_index/resource_index/parent_prefix_path/guiderobot_server
-- Up-to-date: /home/ubuntu/webfolder/AMR_project/Webserver/hyunbeen/install/guiderobot_server/share/guiderobot_server/environment/ament_prefix_path.sh
-- Up-to-date: /home/ubuntu/webfolder/AMR_project/Webserver/hyunbeen/install/guiderobot_server/share/guiderobot_server/environment/ament_prefix_path.dsv
-- Up-to-date: /home/ubuntu/webfolder/AMR_project/Webserver/hyunbeen/install/guiderobot_server/share/guiderobot_server/environment/path.sh
-- Up-to-date: /home/ubuntu/webfolder/AMR_project/Webserver/hyunbeen/install/guiderobot_server/share/guiderobot_server/environment/path.dsv
-- Up-to-date: /home/ubuntu/webfolder/AMR_project/Webserver/hyunbeen/install/guiderobot_server/share/guiderobot_server/local_setup.bash
-- Up-to-date: /home/ubuntu/webfolder/AMR_project/Webserver/hyunbeen/install/guiderobot_server/share/guiderobot_server/local_setup.sh
-- Up-to-date: /home/ubuntu/webfolder/AMR_project/Webserver/hyunbeen/install/guiderobot_server/share/guiderobot_server/local_setup.zsh
-- Up-to-date: /home/ubuntu/webfolder/AMR_project/Webserver/hyunbeen/install/guiderobot_server/share/guiderobot_server/local_setup.dsv
-- Installing: /home/ubuntu/webfolder/AMR_project/Webserver/hyunbeen/install/guiderobot_server/share/guiderobot_server/package.dsv
-- Up-to-date: /home/ubuntu/webfolder/AMR_project/Webserver/hyunbeen/install/guiderobot_server/share/ament_index/resource_index/packages/guiderobot_server
-- Up-to-date: /home/ubuntu/webfolder/AMR_project/Webserver/hyunbeen/install/guiderobot_server/share/guiderobot_server/cmake/guiderobot_serverConfig.cmake
-- Up-to-date: /home/ubuntu/webfolder/AMR_project/Webserver/hyunbeen/install/guiderobot_server/share/guiderobot_server/cmake/guiderobot_serverConfig-version.cmake
-- Up-to-date: /home/ubuntu/webfolder/AMR_project/Webserver/hyunbeen/install/guiderobot_server/share/guiderobot_server/package.xml
