[0.017s] Invoking command in '/home/ubuntu/webfolder/AMR_project/Webserver/hyunbeen/build/guiderobot_server': CMAKE_PREFIX_PATH=${CMAKE_PREFIX_PATH}:/home/ubuntu/slam_project/ros2_ws/install/my_pkg:/home/ubuntu/slam_project/ros2_ws/install/map2gazebo:/opt/ros/jazzy DEBUGINFOD_URLS=https://debuginfod.ubuntu.com /usr/bin/cmake /home/ubuntu/webfolder/AMR_project/Webserver/hyunbeen/src/guiderobot_server -DCMAKE_INSTALL_PREFIX=/home/ubuntu/webfolder/AMR_project/Webserver/hyunbeen/install/guiderobot_server
[0.107s] -- The C compiler identification is GNU 13.3.0
[0.174s] -- The CXX compiler identification is GNU 13.3.0
[0.206s] -- Detecting C compiler ABI info
[0.319s] -- Detecting C compiler ABI info - done
[0.326s] -- Check for working C compiler: /usr/bin/cc - skipped
[0.326s] -- Detecting C compile features
[0.327s] -- Detecting C compile features - done
[0.339s] -- Detecting CXX compiler ABI info
[0.451s] -- Detecting CXX compiler ABI info - done
[0.458s] -- Check for working CXX compiler: /usr/bin/c++ - skipped
[0.458s] -- Detecting CXX compile features
[0.458s] -- Detecting CXX compile features - done
[0.469s] -- Found ament_cmake: 2.5.6 (/opt/ros/jazzy/share/ament_cmake/cmake)
[0.636s] -- Found Python3: /usr/bin/python3 (found version "3.12.3") found components: Interpreter 
[0.793s] -- Found rclcpp: 28.1.21 (/opt/ros/jazzy/share/rclcpp/cmake)
[0.877s] -- Found rosidl_generator_c: 4.6.9 (/opt/ros/jazzy/share/rosidl_generator_c/cmake)
[0.901s] -- Found rosidl_generator_cpp: 4.6.9 (/opt/ros/jazzy/share/rosidl_generator_cpp/cmake)
[0.930s] -- Using all available rosidl_typesupport_c: rosidl_typesupport_fastrtps_c;rosidl_typesupport_introspection_c
[0.962s] -- Using all available rosidl_typesupport_cpp: rosidl_typesupport_fastrtps_cpp;rosidl_typesupport_introspection_cpp
[1.088s] -- Found rmw_implementation_cmake: 7.3.3 (/opt/ros/jazzy/share/rmw_implementation_cmake/cmake)
[1.094s] -- Found rmw_fastrtps_cpp: 8.4.4 (/opt/ros/jazzy/share/rmw_fastrtps_cpp/cmake)
[1.247s] -- Found OpenSSL: /usr/lib/x86_64-linux-gnu/libcrypto.so (found version "3.0.13")  
[1.271s] -- Found FastRTPS: /opt/ros/jazzy/include (Required is at least version "2.13") 
[1.296s] -- Using RMW implementation 'rmw_fastrtps_cpp' as default
[1.420s] -- Found rclcpp_action: 28.1.21 (/opt/ros/jazzy/share/rclcpp_action/cmake)
[1.492s] -- Found std_msgs: 5.3.8 (/opt/ros/jazzy/share/std_msgs/cmake)
[1.518s] -- Found nav2_msgs: 1.3.12 (/opt/ros/jazzy/share/nav2_msgs/cmake)
[4.177s] -- Performing Test CMAKE_HAVE_LIBC_PTHREAD
[4.277s] -- Performing Test CMAKE_HAVE_LIBC_PTHREAD - Success
[4.279s] -- Found Threads: TRUE  
[4.557s] -- Found ament_lint_auto: 0.17.5 (/opt/ros/jazzy/share/ament_lint_auto/cmake)
[4.690s] -- Added test 'copyright' to check source files copyright and LICENSE
[4.693s] -- Added test 'cppcheck' to perform static code analysis on C / C++ code
[4.693s] -- Configured cppcheck include dirs: /home/ubuntu/webfolder/AMR_project/Webserver/hyunbeen/src/guiderobot_server/include
[4.693s] -- Configured cppcheck exclude dirs and/or files: 
[4.695s] -- Added test 'cpplint' to check C / C++ code against the Google style
[4.695s] -- Configured cpplint exclude dirs and/or files: 
[4.697s] -- Added test 'flake8' to check Python code syntax and style conventions
[4.697s] -- Configured 'flake8' exclude dirs and/or files: 
[4.698s] -- Added test 'lint_cmake' to check CMake code style
[4.699s] -- Added test 'pep257' to check Python code against some of the docstring style conventions in PEP 257
[4.701s] -- Added test 'uncrustify' to check C / C++ code style
[4.701s] -- Configured uncrustify additional arguments: 
[4.702s] -- Added test 'xmllint' to check XML markup files
[4.705s] -- Configuring done (4.7s)
[4.727s] -- Generating done (0.0s)
[4.731s] -- Build files have been written to: /home/ubuntu/webfolder/AMR_project/Webserver/hyunbeen/build/guiderobot_server
[4.744s] Invoked command in '/home/ubuntu/webfolder/AMR_project/Webserver/hyunbeen/build/guiderobot_server' returned '0': CMAKE_PREFIX_PATH=${CMAKE_PREFIX_PATH}:/home/ubuntu/slam_project/ros2_ws/install/my_pkg:/home/ubuntu/slam_project/ros2_ws/install/map2gazebo:/opt/ros/jazzy DEBUGINFOD_URLS=https://debuginfod.ubuntu.com /usr/bin/cmake /home/ubuntu/webfolder/AMR_project/Webserver/hyunbeen/src/guiderobot_server -DCMAKE_INSTALL_PREFIX=/home/ubuntu/webfolder/AMR_project/Webserver/hyunbeen/install/guiderobot_server
[4.746s] Invoking command in '/home/ubuntu/webfolder/AMR_project/Webserver/hyunbeen/build/guiderobot_server': CMAKE_PREFIX_PATH=${CMAKE_PREFIX_PATH}:/home/ubuntu/slam_project/ros2_ws/install/my_pkg:/home/ubuntu/slam_project/ros2_ws/install/map2gazebo:/opt/ros/jazzy DEBUGINFOD_URLS=https://debuginfod.ubuntu.com /usr/bin/cmake --build /home/ubuntu/webfolder/AMR_project/Webserver/hyunbeen/build/guiderobot_server -- -j8 -l8
[4.811s] [ 50%] [32mBuilding CXX object CMakeFiles/guiderobot_server_node.dir/src/main.cpp.o[0m
[16.369s] [100%] [32m[1mLinking CXX executable guiderobot_server_node[0m
[17.137s] [100%] Built target guiderobot_server_node
[17.152s] Invoked command in '/home/ubuntu/webfolder/AMR_project/Webserver/hyunbeen/build/guiderobot_server' returned '0': CMAKE_PREFIX_PATH=${CMAKE_PREFIX_PATH}:/home/ubuntu/slam_project/ros2_ws/install/my_pkg:/home/ubuntu/slam_project/ros2_ws/install/map2gazebo:/opt/ros/jazzy DEBUGINFOD_URLS=https://debuginfod.ubuntu.com /usr/bin/cmake --build /home/ubuntu/webfolder/AMR_project/Webserver/hyunbeen/build/guiderobot_server -- -j8 -l8
[17.163s] Invoking command in '/home/ubuntu/webfolder/AMR_project/Webserver/hyunbeen/build/guiderobot_server': CMAKE_PREFIX_PATH=${CMAKE_PREFIX_PATH}:/home/ubuntu/slam_project/ros2_ws/install/my_pkg:/home/ubuntu/slam_project/ros2_ws/install/map2gazebo:/opt/ros/jazzy DEBUGINFOD_URLS=https://debuginfod.ubuntu.com /usr/bin/cmake --install /home/ubuntu/webfolder/AMR_project/Webserver/hyunbeen/build/guiderobot_server
[17.172s] -- Install configuration: ""
[17.173s] -- Installing: /home/ubuntu/webfolder/AMR_project/Webserver/hyunbeen/install/guiderobot_server/include/httplib.h
[17.173s] -- Installing: /home/ubuntu/webfolder/AMR_project/Webserver/hyunbeen/install/guiderobot_server/lib/cmake/httplib/httplibConfig.cmake
[17.173s] -- Installing: /home/ubuntu/webfolder/AMR_project/Webserver/hyunbeen/install/guiderobot_server/lib/cmake/httplib/httplibConfigVersion.cmake
[17.173s] -- Installing: /home/ubuntu/webfolder/AMR_project/Webserver/hyunbeen/install/guiderobot_server/lib/cmake/httplib/FindBrotli.cmake
[17.174s] -- Installing: /home/ubuntu/webfolder/AMR_project/Webserver/hyunbeen/install/guiderobot_server/lib/cmake/httplib/httplibTargets.cmake
[17.174s] -- Installing: /home/ubuntu/webfolder/AMR_project/Webserver/hyunbeen/install/guiderobot_server/share/doc/httplib/README.md
[17.174s] -- Installing: /home/ubuntu/webfolder/AMR_project/Webserver/hyunbeen/install/guiderobot_server/share/licenses/httplib/LICENSE
[17.174s] -- Installing: /home/ubuntu/webfolder/AMR_project/Webserver/hyunbeen/install/guiderobot_server/lib/guiderobot_server/guiderobot_server_node
[17.180s] -- Set non-toolchain portion of runtime path of "/home/ubuntu/webfolder/AMR_project/Webserver/hyunbeen/install/guiderobot_server/lib/guiderobot_server/guiderobot_server_node" to ""
[17.180s] -- Installing: /home/ubuntu/webfolder/AMR_project/Webserver/hyunbeen/install/guiderobot_server/share/guiderobot_server/config
[17.180s] -- Installing: /home/ubuntu/webfolder/AMR_project/Webserver/hyunbeen/install/guiderobot_server/share/guiderobot_server/config/destinations.yaml
[17.180s] -- Installing: /home/ubuntu/webfolder/AMR_project/Webserver/hyunbeen/install/guiderobot_server/share/guiderobot_server/launch
[17.180s] -- Installing: /home/ubuntu/webfolder/AMR_project/Webserver/hyunbeen/install/guiderobot_server/share/guiderobot_server/launch/server.launch.py
[17.180s] -- Installing: /home/ubuntu/webfolder/AMR_project/Webserver/hyunbeen/install/guiderobot_server/share/ament_index/resource_index/package_run_dependencies/guiderobot_server
[17.181s] -- Installing: /home/ubuntu/webfolder/AMR_project/Webserver/hyunbeen/install/guiderobot_server/share/ament_index/resource_index/parent_prefix_path/guiderobot_server
[17.181s] -- Installing: /home/ubuntu/webfolder/AMR_project/Webserver/hyunbeen/install/guiderobot_server/share/guiderobot_server/environment/ament_prefix_path.sh
[17.181s] -- Installing: /home/ubuntu/webfolder/AMR_project/Webserver/hyunbeen/install/guiderobot_server/share/guiderobot_server/environment/ament_prefix_path.dsv
[17.181s] -- Installing: /home/ubuntu/webfolder/AMR_project/Webserver/hyunbeen/install/guiderobot_server/share/guiderobot_server/environment/path.sh
[17.181s] -- Installing: /home/ubuntu/webfolder/AMR_project/Webserver/hyunbeen/install/guiderobot_server/share/guiderobot_server/environment/path.dsv
[17.182s] -- Installing: /home/ubuntu/webfolder/AMR_project/Webserver/hyunbeen/install/guiderobot_server/share/guiderobot_server/local_setup.bash
[17.182s] -- Installing: /home/ubuntu/webfolder/AMR_project/Webserver/hyunbeen/install/guiderobot_server/share/guiderobot_server/local_setup.sh
[17.185s] -- Installing: /home/ubuntu/webfolder/AMR_project/Webserver/hyunbeen/install/guiderobot_server/share/guiderobot_server/local_setup.zsh
[17.185s] -- Installing: /home/ubuntu/webfolder/AMR_project/Webserver/hyunbeen/install/guiderobot_server/share/guiderobot_server/local_setup.dsv
[17.185s] -- Installing: /home/ubuntu/webfolder/AMR_project/Webserver/hyunbeen/install/guiderobot_server/share/guiderobot_server/package.dsv
[17.186s] -- Installing: /home/ubuntu/webfolder/AMR_project/Webserver/hyunbeen/install/guiderobot_server/share/ament_index/resource_index/packages/guiderobot_server
[17.186s] -- Installing: /home/ubuntu/webfolder/AMR_project/Webserver/hyunbeen/install/guiderobot_server/share/guiderobot_server/cmake/guiderobot_serverConfig.cmake
[17.186s] -- Installing: /home/ubuntu/webfolder/AMR_project/Webserver/hyunbeen/install/guiderobot_server/share/guiderobot_server/cmake/guiderobot_serverConfig-version.cmake
[17.186s] -- Installing: /home/ubuntu/webfolder/AMR_project/Webserver/hyunbeen/install/guiderobot_server/share/guiderobot_server/package.xml
[17.188s] Invoked command in '/home/ubuntu/webfolder/AMR_project/Webserver/hyunbeen/build/guiderobot_server' returned '0': CMAKE_PREFIX_PATH=${CMAKE_PREFIX_PATH}:/home/ubuntu/slam_project/ros2_ws/install/my_pkg:/home/ubuntu/slam_project/ros2_ws/install/map2gazebo:/opt/ros/jazzy DEBUGINFOD_URLS=https://debuginfod.ubuntu.com /usr/bin/cmake --install /home/ubuntu/webfolder/AMR_project/Webserver/hyunbeen/build/guiderobot_server
